src/components/Kanban/Board.tsx(4,3): error TS1484: 'DragEndEvent' is a type and must be imported using a type-only import when 'verbatimModuleSyntax' is enabled.
src/components/Kanban/Board.tsx(5,3): error TS1484: 'DragOverEvent' is a type and must be imported using a type-only import when 'verbatimModuleSyntax' is enabled.
src/components/Kanban/Board.tsx(5,3): error TS6133: 'DragOverEvent' is declared but its value is never read.
src/components/Kanban/Board.tsx(6,3): error TS1484: 'DragStartEvent' is a type and must be imported using a type-only import when 'verbatimModuleSyntax' is enabled.
src/components/Kanban/Board.tsx(11,3): error TS6133: 'DragOverlay' is declared but its value is never read.
src/components/Kanban/Board.tsx(14,10): error TS1484: 'Project' is a type and must be imported using a type-only import when 'verbatimModuleSyntax' is enabled.
src/components/Kanban/Board.tsx(14,19): error TS1484: 'ProjectStatus' is a type and must be imported using a type-only import when 'verbatimModuleSyntax' is enabled.
src/components/Kanban/Board.tsx(25,10): error TS6133: 'activeId' is declared but its value is never read.
src/components/Kanban/Column.tsx(4,10): error TS1484: 'Project' is a type and must be imported using a type-only import when 'verbatimModuleSyntax' is enabled.
src/components/Kanban/Column.tsx(4,19): error TS1484: 'ProjectStatus' is a type and must be imported using a type-only import when 'verbatimModuleSyntax' is enabled.
src/components/Kanban/ProjectCard.tsx(4,10): error TS1484: 'Project' is a type and must be imported using a type-only import when 'verbatimModuleSyntax' is enabled.
src/components/Kanban/ProjectCard.tsx(4,19): error TS6133: 'STATUS_LABELS' is declared but its value is never read.
src/components/Kanban/ProjectCard.tsx(5,1): error TS6133: 'StatusBadge' is declared but its value is never read.
src/components/Layout/Layout.tsx(1,17): error TS1484: 'ReactNode' is a type and must be imported using a type-only import when 'verbatimModuleSyntax' is enabled.
src/components/Modal.tsx(1,17): error TS6133: 'useState' is declared but its value is never read.
src/context/AuthContext.tsx(1,65): error TS1484: 'ReactNode' is a type and must be imported using a type-only import when 'verbatimModuleSyntax' is enabled.
src/context/AuthContext.tsx(3,10): error TS1484: 'AuthUser' is a type and must be imported using a type-only import when 'verbatimModuleSyntax' is enabled.
src/pages/DashboardDesigner.tsx(7,10): error TS1484: 'Project' is a type and must be imported using a type-only import when 'verbatimModuleSyntax' is enabled.
src/pages/DashboardPM.tsx(7,10): error TS1484: 'Project' is a type and must be imported using a type-only import when 'verbatimModuleSyntax' is enabled.
src/pages/DashboardPM.tsx(7,19): error TS1484: 'User' is a type and must be imported using a type-only import when 'verbatimModuleSyntax' is enabled.
src/pages/DashboardPM.tsx(7,25): error TS1484: 'Client' is a type and must be imported using a type-only import when 'verbatimModuleSyntax' is enabled.
src/pages/LoginPage.tsx(3,25): error TS2307: Cannot find module '../../context/AuthContext' or its corresponding type declarations.
